   Γû▓ Next.js 15.5.9

   Creating an optimized production build ...
 Γ£ô Compiled successfully in 111s
   Skipping validation of types
   Skipping linting
   Collecting page data ...
   Generating static pages (0/65) ...
node.exe : Error occurred prerendering page "/en/admin/analytics". Read more: 
https://nextjs.org/docs/messages/prerender-error
At line:1 char:1
+ & "C:\Program Files\nodejs/node.exe" "C:\Program Files\nodejs/node_mo ...
+ ~~~~~~~~~~~~~~~~~~~~~~~~~~~~~~~~~~~~~~~~~~~~~~~~~~~~~~~~~~~~~~~~~~~~~
    + CategoryInfo          : NotSpecified: (Error occurred ...prerender-error 
   :String) [], RemoteException
    + FullyQualifiedErrorId : NativeCommandError
 
Error: useFirebase must be used within a FirebaseProvider.
    at f 
(C:\Users\Mohammed\Desktop\stock-manager1\.next\server\chunks\4423.js:1:10247)
    at G 
(C:\Users\Mohammed\Desktop\stock-manager1\.next\server\chunks\3617.js:1:6073) {
  digest: '2358177494'
}
Export encountered an error on /[locale]/admin/analytics/page: 
/en/admin/analytics, exiting the build.
 Γ¿» Next.js build worker exited with code: 1 and signal: null
